
> highmast@0.1.0 build
> react-scripts build

(node:91362) [DEP0176] DeprecationWarning: fs.F_OK is deprecated, use fs.constants.F_OK instead
(Use `node --trace-deprecation ...` to show where the warning was created)
Creating an optimized production build...
Browserslist: caniuse-lite is outdated. Please run:
  npx update-browserslist-db@latest
  Why you should do it regularly: https://github.com/browserslist/update-db#readme
Browserslist: caniuse-lite is outdated. Please run:
  npx update-browserslist-db@latest
  Why you should do it regularly: https://github.com/browserslist/update-db#readme
Compiled with warnings.

[eslint] 
src/assets/data.js
  Line 179:7:  Duplicate key 'tittle2'  no-dupe-keys

src/component/about/index.js
  Line 16:9:    'sectionRef' is assigned a value but never used                                                            no-unused-vars
  Line 85:5:    'fontSizeValue' is assigned a value but never used                                                         no-unused-vars
  Line 105:11:  img elements must have an alt prop, either with meaningful text, or an empty string for decorative images  jsx-a11y/alt-text

src/component/aboutheader/index.jsx
  Line 3:10:   'GrUserPolice' is defined but never used                                                                                                                                                         no-unused-vars
  Line 4:10:   'TfiMoney' is defined but never used                                                                                                                                                             no-unused-vars
  Line 76:11:  Redundant alt attribute. Screen-readers already announce `img` tags as an image. You don’t need to use the words `image`, `photo,` or `picture` (or any specified custom words) in the alt prop  jsx-a11y/img-redundant-alt

src/component/additionalservices/index.js
  Line 2:8:    'gsap' is defined but never used                                                                                                                                                                 no-unused-vars
  Line 4:8:    'ScrollTrigger' is defined but never used                                                                                                                                                        no-unused-vars
  Line 55:13:  Redundant alt attribute. Screen-readers already announce `img` tags as an image. You don’t need to use the words `image`, `photo,` or `picture` (or any specified custom words) in the alt prop  jsx-a11y/img-redundant-alt
  Line 65:13:  Redundant alt attribute. Screen-readers already announce `img` tags as an image. You don’t need to use the words `image`, `photo,` or `picture` (or any specified custom words) in the alt prop  jsx-a11y/img-redundant-alt
  Line 85:13:  Redundant alt attribute. Screen-readers already announce `img` tags as an image. You don’t need to use the words `image`, `photo,` or `picture` (or any specified custom words) in the alt prop  jsx-a11y/img-redundant-alt
  Line 95:13:  Redundant alt attribute. Screen-readers already announce `img` tags as an image. You don’t need to use the words `image`, `photo,` or `picture` (or any specified custom words) in the alt prop  jsx-a11y/img-redundant-alt

src/component/certification/index.js
  Line 2:17:    'useEffect' is defined but never used                                                                                                                                                            no-unused-vars
  Line 32:17:   img elements must have an alt prop, either with meaningful text, or an empty string for decorative images                                                                                        jsx-a11y/alt-text
  Line 58:17:   img elements must have an alt prop, either with meaningful text, or an empty string for decorative images                                                                                        jsx-a11y/alt-text
  Line 79:13:   Redundant alt attribute. Screen-readers already announce `img` tags as an image. You don’t need to use the words `image`, `photo,` or `picture` (or any specified custom words) in the alt prop  jsx-a11y/img-redundant-alt
  Line 94:17:   img elements must have an alt prop, either with meaningful text, or an empty string for decorative images                                                                                        jsx-a11y/alt-text
  Line 119:17:  img elements must have an alt prop, either with meaningful text, or an empty string for decorative images                                                                                        jsx-a11y/alt-text

src/component/commitments/index.js
  Line 12:8:  'ReactLenis' is defined but never used  no-unused-vars

src/component/contactsection/index.js
  Line 2:10:  'Container' is defined but never used  no-unused-vars
  Line 2:21:  'Stack' is defined but never used      no-unused-vars

src/component/footer/index.js
  Line 10:3:    'InputLabel' is defined but never used                                                                                                                                                 no-unused-vars
  Line 11:3:    'colors' is defined but never used                                                                                                                                                     no-unused-vars
  Line 12:3:    'Divider' is defined but never used                                                                                                                                                    no-unused-vars
  Line 13:3:    'Grid2' is defined but never used                                                                                                                                                      no-unused-vars
  Line 23:8:    'XIcon' is defined but never used                                                                                                                                                      no-unused-vars
  Line 25:10:   'Stack' is defined but never used                                                                                                                                                      no-unused-vars
  Line 41:10:   'loading' is assigned a value but never used                                                                                                                                           no-unused-vars
  Line 108:17:  img elements must have an alt prop, either with meaningful text, or an empty string for decorative images                                                                              jsx-a11y/alt-text
  Line 278:19:  Using target="_blank" without rel="noreferrer" (which implies rel="noopener") is a security risk in older browsers: see https://mathiasbynens.github.io/rel-noopener/#recommendations  react/jsx-no-target-blank

src/component/greenimpactglance/index.js
  Line 1:28:  'useRef' is defined but never used    no-unused-vars
  Line 1:36:  'useState' is defined but never used  no-unused-vars

src/component/homebanner/index.js
  Line 3:8:  'SmallTextAnimation' is defined but never used  no-unused-vars

src/component/majorservice/index.js
  Line 40:25:  img elements must have an alt prop, either with meaningful text, or an empty string for decorative images  jsx-a11y/alt-text
  Line 55:25:  img elements must have an alt prop, either with meaningful text, or an empty string for decorative images  jsx-a11y/alt-text
  Line 72:25:  img elements must have an alt prop, either with meaningful text, or an empty string for decorative images  jsx-a11y/alt-text
  Line 87:25:  img elements must have an alt prop, either with meaningful text, or an empty string for decorative images  jsx-a11y/alt-text

src/component/navbar/index.js
  Line 3:3:  'Container' is defined but never used  no-unused-vars

src/component/our-team/index.js
  Line 118:17:  img elements must have an alt prop, either with meaningful text, or an empty string for decorative images  jsx-a11y/alt-text

src/component/scrolltop/index.js
  Line 20:6:  React Hook useEffect has a missing dependency: 'lenis'. Either include it or remove the dependency array  react-hooks/exhaustive-deps

src/component/service-scroll/index.js
  Line 5:10:  'Autoplay' is defined but never used  no-unused-vars

src/component/servicesdescription/index.js
  Line 4:17:  'useEffect' is defined but never used  no-unused-vars

src/component/servicespointers/index.js
  Line 4:10:  'Parallax' is defined but never used  no-unused-vars

src/component/testimonials/index.js
  Line 1:24:  'useEffect' is defined but never used  no-unused-vars

src/routers/index.js
  Line 3:25:  'useLocation' is defined but never used        no-unused-vars
  Line 8:8:   'EngineOverhauling' is defined but never used  no-unused-vars
  Line 10:8:  'MarineandOffshore' is defined but never used  no-unused-vars
  Line 12:8:  'ScrollToTop' is defined but never used        no-unused-vars
  Line 23:8:  'Lenis' is defined but never used              no-unused-vars

src/views/EnergyEfficiencyDevices/index.jsx
  Line 11:8:  'powersupparalaximg1' is defined but never used  no-unused-vars
  Line 12:8:  'powersupparalaximg2' is defined but never used  no-unused-vars
  Line 13:8:  'powersupparalaximg3' is defined but never used  no-unused-vars

src/views/about-us/index.js
  Line 42:15:  'setFont' is assigned a value but never used  no-unused-vars

src/views/contact-us/index.js
  Line 16:16:   'setFont' is assigned a value but never used                                                               no-unused-vars
  Line 165:17:  img elements must have an alt prop, either with meaningful text, or an empty string for decorative images  jsx-a11y/alt-text

src/views/home/index.js
  Line 1:10:  'Box' is defined but never used              no-unused-vars
  Line 1:15:  'Typography' is defined but never used       no-unused-vars
  Line 7:8:   'Aboutsection' is defined but never used     no-unused-vars
  Line 8:8:   'FAQSection' is defined but never used       no-unused-vars
  Line 15:8:  'AnoetherSection' is defined but never used  no-unused-vars

src/views/inspectionandaudits/index.js
  Line 12:8:  'img24x7' is defined but never used      no-unused-vars
  Line 13:8:  'datawaveimg' is defined but never used  no-unused-vars

src/views/marine-electrical-&-automation/index.js
  Line 16:8:  'testingrepair' is defined but never used  no-unused-vars

src/views/retrofit/index.js
  Line 12:8:  'img24x7' is defined but never used      no-unused-vars
  Line 13:8:  'datawaveimg' is defined but never used  no-unused-vars

src/views/servicepage/index.js
  Line 8:8:    'LenisProvider' is defined but never used     no-unused-vars
  Line 9:10:   'useLocation' is defined but never used       no-unused-vars
  Line 18:16:  'setFont' is assigned a value but never used  no-unused-vars

Search for the keywords to learn more about each warning.
To ignore, add // eslint-disable-next-line to the line before.

File sizes after gzip:

  354.14 kB  build/static/js/main.bc702c2b.js
  54.39 kB   build/static/css/main.8ac1a9c8.css
  1.77 kB    build/static/js/453.4e5ee368.chunk.js

The project was built assuming it is hosted at /.
You can control this with the homepage field in your package.json.

The build folder is ready to be deployed.
You may serve it with a static server:

  npm install -g serve
  serve -s build

Find out more about deployment here:

  https://cra.link/deployment

